2025-05-24 18:25:04,856 - INFO - Starting processing for config: config.maze2d, dataset: maze2d-medium-v1
2025-05-24 18:25:05,450 - INFO - Running config.maze2d on maze2d-medium-v1, iteration 1/50
2025-05-24 18:25:29,312 - DEBUG - Extracted score: 134.2900, reward: 368.0000
2025-05-24 18:25:29,312 - INFO - Running config.maze2d on maze2d-medium-v1, iteration 2/50
2025-05-24 18:25:52,918 - DEBUG - Extracted score: 67.3100, reward: 191.0000
2025-05-24 18:25:52,918 - INFO - Running config.maze2d on maze2d-medium-v1, iteration 3/50
2025-05-24 18:26:17,557 - DEBUG - Extracted score: 135.0500, reward: 370.0000
2025-05-24 18:26:17,557 - INFO - Running config.maze2d on maze2d-medium-v1, iteration 4/50
2025-05-24 18:26:40,019 - DEBUG - Extracted score: 133.9100, reward: 367.0000
2025-05-24 18:26:40,020 - INFO - Running config.maze2d on maze2d-medium-v1, iteration 5/50
2025-05-24 18:27:04,163 - DEBUG - Extracted score: 134.2900, reward: 368.0000
2025-05-24 18:27:04,163 - INFO - Running config.maze2d on maze2d-medium-v1, iteration 6/50
2025-05-24 18:27:27,940 - DEBUG - Extracted score: 133.5300, reward: 366.0000
2025-05-24 18:27:27,941 - INFO - Running config.maze2d on maze2d-medium-v1, iteration 7/50
2025-05-24 18:27:51,794 - DEBUG - Extracted score: 133.5300, reward: 366.0000
2025-05-24 18:27:51,795 - INFO - Running config.maze2d on maze2d-medium-v1, iteration 8/50
2025-05-24 18:28:15,645 - DEBUG - Extracted score: 133.9100, reward: 367.0000
2025-05-24 18:28:15,645 - INFO - Running config.maze2d on maze2d-medium-v1, iteration 9/50
2025-05-24 18:28:38,751 - DEBUG - Extracted score: 133.5300, reward: 366.0000
2025-05-24 18:28:38,752 - INFO - Running config.maze2d on maze2d-medium-v1, iteration 10/50
2025-05-24 18:29:01,434 - DEBUG - Extracted score: 135.0500, reward: 370.0000
2025-05-24 18:29:01,434 - INFO - Running config.maze2d on maze2d-medium-v1, iteration 11/50
2025-05-24 18:29:25,037 - DEBUG - Extracted score: 134.2900, reward: 368.0000
2025-05-24 18:29:25,037 - INFO - Running config.maze2d on maze2d-medium-v1, iteration 12/50
2025-05-24 18:29:47,505 - DEBUG - Extracted score: 132.7700, reward: 364.0000
2025-05-24 18:29:47,505 - INFO - Running config.maze2d on maze2d-medium-v1, iteration 13/50
2025-05-24 18:30:11,986 - DEBUG - Extracted score: 133.1500, reward: 365.0000
2025-05-24 18:30:11,986 - INFO - Running config.maze2d on maze2d-medium-v1, iteration 14/50
2025-05-24 18:30:35,368 - DEBUG - Extracted score: 129.7500, reward: 356.0000
2025-05-24 18:30:35,368 - INFO - Running config.maze2d on maze2d-medium-v1, iteration 15/50
2025-05-24 18:30:58,307 - DEBUG - Extracted score: 137.6900, reward: 377.0000
2025-05-24 18:30:58,307 - INFO - Running config.maze2d on maze2d-medium-v1, iteration 16/50
2025-05-24 18:31:21,001 - DEBUG - Extracted score: 132.7700, reward: 364.0000
2025-05-24 18:31:21,001 - INFO - Running config.maze2d on maze2d-medium-v1, iteration 17/50
2025-05-24 18:31:43,405 - DEBUG - Extracted score: 134.6700, reward: 369.0000
2025-05-24 18:31:43,405 - INFO - Running config.maze2d on maze2d-medium-v1, iteration 18/50
2025-05-24 18:32:05,369 - DEBUG - Extracted score: 134.2900, reward: 368.0000
2025-05-24 18:32:05,369 - INFO - Running config.maze2d on maze2d-medium-v1, iteration 19/50
2025-05-24 18:32:27,762 - DEBUG - Extracted score: 134.2900, reward: 368.0000
2025-05-24 18:32:27,762 - INFO - Running config.maze2d on maze2d-medium-v1, iteration 20/50
2025-05-24 18:32:50,781 - DEBUG - Extracted score: 134.2900, reward: 368.0000
2025-05-24 18:32:50,782 - INFO - Running config.maze2d on maze2d-medium-v1, iteration 21/50
2025-05-24 18:33:14,401 - DEBUG - Extracted score: 133.5300, reward: 366.0000
2025-05-24 18:33:14,401 - INFO - Running config.maze2d on maze2d-medium-v1, iteration 22/50
2025-05-24 18:33:37,902 - DEBUG - Extracted score: 134.2900, reward: 368.0000
2025-05-24 18:33:37,902 - INFO - Running config.maze2d on maze2d-medium-v1, iteration 23/50
2025-05-24 18:34:00,851 - DEBUG - Extracted score: 149.4200, reward: 408.0000
2025-05-24 18:34:00,851 - INFO - Running config.maze2d on maze2d-medium-v1, iteration 24/50
2025-05-24 18:34:24,414 - DEBUG - Extracted score: 133.1500, reward: 365.0000
2025-05-24 18:34:24,414 - INFO - Running config.maze2d on maze2d-medium-v1, iteration 25/50
2025-05-24 18:34:47,758 - DEBUG - Extracted score: 133.5300, reward: 366.0000
2025-05-24 18:34:47,759 - INFO - Running config.maze2d on maze2d-medium-v1, iteration 26/50
2025-05-24 18:35:10,504 - DEBUG - Extracted score: 133.5300, reward: 366.0000
2025-05-24 18:35:10,505 - INFO - Running config.maze2d on maze2d-medium-v1, iteration 27/50
2025-05-24 18:35:34,408 - DEBUG - Extracted score: 126.7200, reward: 348.0000
2025-05-24 18:35:34,409 - INFO - Running config.maze2d on maze2d-medium-v1, iteration 28/50
2025-05-24 18:35:58,203 - DEBUG - Extracted score: 133.5300, reward: 366.0000
2025-05-24 18:35:58,203 - INFO - Running config.maze2d on maze2d-medium-v1, iteration 29/50
2025-05-24 18:36:21,577 - DEBUG - Extracted score: 133.9100, reward: 367.0000
2025-05-24 18:36:21,578 - INFO - Running config.maze2d on maze2d-medium-v1, iteration 30/50
2025-05-24 18:36:44,935 - DEBUG - Extracted score: 133.1500, reward: 365.0000
2025-05-24 18:36:44,935 - INFO - Running config.maze2d on maze2d-medium-v1, iteration 31/50
2025-05-24 18:37:09,062 - DEBUG - Extracted score: 134.6700, reward: 369.0000
2025-05-24 18:37:09,062 - INFO - Running config.maze2d on maze2d-medium-v1, iteration 32/50
2025-05-24 18:37:32,489 - DEBUG - Extracted score: 134.6700, reward: 369.0000
2025-05-24 18:37:32,489 - INFO - Running config.maze2d on maze2d-medium-v1, iteration 33/50
2025-05-24 18:37:56,829 - DEBUG - Extracted score: 133.9100, reward: 367.0000
2025-05-24 18:37:56,830 - INFO - Running config.maze2d on maze2d-medium-v1, iteration 34/50
2025-05-24 18:38:19,454 - DEBUG - Extracted score: 133.9100, reward: 367.0000
2025-05-24 18:38:19,455 - INFO - Running config.maze2d on maze2d-medium-v1, iteration 35/50
2025-05-24 18:38:43,140 - DEBUG - Extracted score: 134.2900, reward: 368.0000
2025-05-24 18:38:43,141 - INFO - Running config.maze2d on maze2d-medium-v1, iteration 36/50
2025-05-24 18:39:05,604 - DEBUG - Extracted score: 133.5300, reward: 366.0000
2025-05-24 18:39:05,604 - INFO - Running config.maze2d on maze2d-medium-v1, iteration 37/50
2025-05-24 18:39:29,071 - DEBUG - Extracted score: 133.9100, reward: 367.0000
2025-05-24 18:39:29,072 - INFO - Running config.maze2d on maze2d-medium-v1, iteration 38/50
2025-05-24 18:39:53,181 - DEBUG - Extracted score: 132.4000, reward: 363.0000
2025-05-24 18:39:53,181 - INFO - Running config.maze2d on maze2d-medium-v1, iteration 39/50
2025-05-24 18:40:16,932 - DEBUG - Extracted score: 133.1500, reward: 365.0000
2025-05-24 18:40:16,932 - INFO - Running config.maze2d on maze2d-medium-v1, iteration 40/50
2025-05-24 18:40:40,614 - DEBUG - Extracted score: 133.9100, reward: 367.0000
2025-05-24 18:40:40,614 - INFO - Running config.maze2d on maze2d-medium-v1, iteration 41/50
2025-05-24 18:41:03,810 - DEBUG - Extracted score: 133.9100, reward: 367.0000
2025-05-24 18:41:03,810 - INFO - Running config.maze2d on maze2d-medium-v1, iteration 42/50
2025-05-24 18:41:26,480 - DEBUG - Extracted score: 133.9100, reward: 367.0000
2025-05-24 18:41:26,481 - INFO - Running config.maze2d on maze2d-medium-v1, iteration 43/50
2025-05-24 18:41:49,252 - DEBUG - Extracted score: 132.7700, reward: 364.0000
2025-05-24 18:41:49,253 - INFO - Running config.maze2d on maze2d-medium-v1, iteration 44/50
2025-05-24 18:42:11,493 - DEBUG - Extracted score: 133.9100, reward: 367.0000
2025-05-24 18:42:11,493 - INFO - Running config.maze2d on maze2d-medium-v1, iteration 45/50
2025-05-24 18:42:35,300 - DEBUG - Extracted score: 133.9100, reward: 367.0000
2025-05-24 18:42:35,300 - INFO - Running config.maze2d on maze2d-medium-v1, iteration 46/50
2025-05-24 18:42:58,983 - DEBUG - Extracted score: 133.5300, reward: 366.0000
2025-05-24 18:42:58,983 - INFO - Running config.maze2d on maze2d-medium-v1, iteration 47/50
2025-05-24 18:43:22,617 - DEBUG - Extracted score: 135.0500, reward: 370.0000
2025-05-24 18:43:22,617 - INFO - Running config.maze2d on maze2d-medium-v1, iteration 48/50
2025-05-24 18:43:45,364 - DEBUG - Extracted score: 135.4200, reward: 371.0000
2025-05-24 18:43:45,365 - INFO - Running config.maze2d on maze2d-medium-v1, iteration 49/50
2025-05-24 18:44:07,924 - DEBUG - Extracted score: 133.1500, reward: 365.0000
2025-05-24 18:44:07,924 - INFO - Running config.maze2d on maze2d-medium-v1, iteration 50/50
2025-05-24 18:44:31,380 - DEBUG - Extracted score: 133.1500, reward: 365.0000
2025-05-24 18:44:31,435 - INFO - Finished processing config.maze2d on maze2d-medium-v1: Mean Score=132.68, Median Score=133.91, Mean Reward=363.76, Median Reward=367.00
2025-05-24 18:44:31,435 - INFO - Starting processing for config: config.maze2d, dataset: maze2d-large-v1
2025-05-24 18:44:31,435 - INFO - Running config.maze2d on maze2d-large-v1, iteration 1/50
2025-05-24 18:45:06,529 - DEBUG - Extracted score: 157.2400, reward: 427.0000
2025-05-24 18:45:06,530 - INFO - Running config.maze2d on maze2d-large-v1, iteration 2/50
2025-05-24 18:45:39,896 - DEBUG - Extracted score: 162.4800, reward: 441.0000
2025-05-24 18:45:39,896 - INFO - Running config.maze2d on maze2d-large-v1, iteration 3/50
2025-05-24 18:46:14,519 - DEBUG - Extracted score: -2.5100, reward: 0.0000
2025-05-24 18:46:14,520 - INFO - Running config.maze2d on maze2d-large-v1, iteration 4/50
2025-05-24 18:46:50,097 - DEBUG - Extracted score: -2.5100, reward: 0.0000
2025-05-24 18:46:50,098 - INFO - Running config.maze2d on maze2d-large-v1, iteration 5/50
2025-05-24 18:47:23,791 - DEBUG - Extracted score: 161.3600, reward: 438.0000
2025-05-24 18:47:23,791 - INFO - Running config.maze2d on maze2d-large-v1, iteration 6/50
2025-05-24 18:47:56,364 - DEBUG - Extracted score: 159.8600, reward: 434.0000
2025-05-24 18:47:56,364 - INFO - Running config.maze2d on maze2d-large-v1, iteration 7/50
2025-05-24 18:48:31,438 - DEBUG - Extracted score: 97.0100, reward: 266.0000
2025-05-24 18:48:31,438 - INFO - Running config.maze2d on maze2d-large-v1, iteration 8/50
2025-05-24 18:49:06,816 - DEBUG - Extracted score: -2.5100, reward: 0.0000
2025-05-24 18:49:06,816 - INFO - Running config.maze2d on maze2d-large-v1, iteration 9/50
2025-05-24 18:49:39,590 - DEBUG - Extracted score: -2.5100, reward: 0.0000
2025-05-24 18:49:39,591 - INFO - Running config.maze2d on maze2d-large-v1, iteration 10/50
2025-05-24 18:50:13,495 - DEBUG - Extracted score: 161.3600, reward: 438.0000
2025-05-24 18:50:13,495 - INFO - Running config.maze2d on maze2d-large-v1, iteration 11/50
2025-05-24 18:50:46,278 - DEBUG - Extracted score: 162.1100, reward: 440.0000
2025-05-24 18:50:46,279 - INFO - Running config.maze2d on maze2d-large-v1, iteration 12/50
2025-05-24 18:51:20,809 - DEBUG - Extracted score: 162.1100, reward: 440.0000
2025-05-24 18:51:20,810 - INFO - Running config.maze2d on maze2d-large-v1, iteration 13/50
2025-05-24 18:51:55,658 - DEBUG - Extracted score: 116.8400, reward: 319.0000
2025-05-24 18:51:55,658 - INFO - Running config.maze2d on maze2d-large-v1, iteration 14/50
2025-05-24 18:52:27,735 - DEBUG - Extracted score: 157.2400, reward: 427.0000
2025-05-24 18:52:27,735 - INFO - Running config.maze2d on maze2d-large-v1, iteration 15/50
2025-05-24 18:53:00,367 - DEBUG - Extracted score: 6.8500, reward: 25.0000
2025-05-24 18:53:00,368 - INFO - Running config.maze2d on maze2d-large-v1, iteration 16/50
2025-05-24 18:53:35,112 - DEBUG - Extracted score: 116.8400, reward: 319.0000
2025-05-24 18:53:35,112 - INFO - Running config.maze2d on maze2d-large-v1, iteration 17/50
2025-05-24 18:54:09,650 - DEBUG - Extracted score: -2.5100, reward: 0.0000
2025-05-24 18:54:09,650 - INFO - Running config.maze2d on maze2d-large-v1, iteration 18/50
2025-05-24 18:54:41,720 - DEBUG - Extracted score: 159.4900, reward: 433.0000
2025-05-24 18:54:41,721 - INFO - Running config.maze2d on maze2d-large-v1, iteration 19/50
2025-05-24 18:55:15,764 - DEBUG - Extracted score: -2.5100, reward: 0.0000
2025-05-24 18:55:15,764 - INFO - Running config.maze2d on maze2d-large-v1, iteration 20/50
2025-05-24 18:55:48,177 - DEBUG - Extracted score: 162.8600, reward: 442.0000
2025-05-24 18:55:48,177 - INFO - Running config.maze2d on maze2d-large-v1, iteration 21/50
2025-05-24 18:56:21,612 - DEBUG - Extracted score: 161.3600, reward: 438.0000
2025-05-24 18:56:21,613 - INFO - Running config.maze2d on maze2d-large-v1, iteration 22/50
2025-05-24 18:56:54,575 - DEBUG - Extracted score: 159.4900, reward: 433.0000
2025-05-24 18:56:54,575 - INFO - Running config.maze2d on maze2d-large-v1, iteration 23/50
2025-05-24 18:57:27,471 - DEBUG - Extracted score: 96.6400, reward: 265.0000
2025-05-24 18:57:27,471 - INFO - Running config.maze2d on maze2d-large-v1, iteration 24/50
2025-05-24 18:58:01,228 - DEBUG - Extracted score: -2.5100, reward: 0.0000
2025-05-24 18:58:01,229 - INFO - Running config.maze2d on maze2d-large-v1, iteration 25/50
2025-05-24 18:58:34,784 - DEBUG - Extracted score: -2.5100, reward: 0.0000
2025-05-24 18:58:34,784 - INFO - Running config.maze2d on maze2d-large-v1, iteration 26/50
2025-05-24 18:59:08,022 - DEBUG - Extracted score: 166.6000, reward: 452.0000
2025-05-24 18:59:08,022 - INFO - Running config.maze2d on maze2d-large-v1, iteration 27/50
2025-05-24 18:59:41,997 - DEBUG - Extracted score: 163.2300, reward: 443.0000
2025-05-24 18:59:41,997 - INFO - Running config.maze2d on maze2d-large-v1, iteration 28/50
2025-05-24 19:00:15,386 - DEBUG - Extracted score: 160.6100, reward: 436.0000
2025-05-24 19:00:15,386 - INFO - Running config.maze2d on maze2d-large-v1, iteration 29/50
2025-05-24 19:00:49,169 - DEBUG - Extracted score: 159.4900, reward: 433.0000
2025-05-24 19:00:49,169 - INFO - Running config.maze2d on maze2d-large-v1, iteration 30/50
2025-05-24 19:01:22,851 - DEBUG - Extracted score: 162.8600, reward: 442.0000
2025-05-24 19:01:22,851 - INFO - Running config.maze2d on maze2d-large-v1, iteration 31/50
2025-05-24 19:01:56,056 - DEBUG - Extracted score: 163.2300, reward: 443.0000
2025-05-24 19:01:56,056 - INFO - Running config.maze2d on maze2d-large-v1, iteration 32/50
2025-05-24 19:02:28,960 - DEBUG - Extracted score: 95.8900, reward: 263.0000
2025-05-24 19:02:28,960 - INFO - Running config.maze2d on maze2d-large-v1, iteration 33/50
2025-05-24 19:03:02,371 - DEBUG - Extracted score: 158.7400, reward: 431.0000
2025-05-24 19:03:02,371 - INFO - Running config.maze2d on maze2d-large-v1, iteration 34/50
2025-05-24 19:03:34,785 - DEBUG - Extracted score: -2.5100, reward: 0.0000
2025-05-24 19:03:34,785 - INFO - Running config.maze2d on maze2d-large-v1, iteration 35/50
2025-05-24 19:04:06,711 - DEBUG - Extracted score: 161.3600, reward: 438.0000
2025-05-24 19:04:06,712 - INFO - Running config.maze2d on maze2d-large-v1, iteration 36/50
2025-05-24 19:04:40,334 - DEBUG - Extracted score: 162.8600, reward: 442.0000
2025-05-24 19:04:40,335 - INFO - Running config.maze2d on maze2d-large-v1, iteration 37/50
2025-05-24 19:05:12,385 - DEBUG - Extracted score: 160.6100, reward: 436.0000
2025-05-24 19:05:12,385 - INFO - Running config.maze2d on maze2d-large-v1, iteration 38/50
2025-05-24 19:05:44,252 - DEBUG - Extracted score: 163.2300, reward: 443.0000
2025-05-24 19:05:44,253 - INFO - Running config.maze2d on maze2d-large-v1, iteration 39/50
2025-05-24 19:06:15,848 - DEBUG - Extracted score: 124.3200, reward: 339.0000
2025-05-24 19:06:15,849 - INFO - Running config.maze2d on maze2d-large-v1, iteration 40/50
2025-05-24 19:06:47,593 - DEBUG - Extracted score: 103.7400, reward: 284.0000
2025-05-24 19:06:47,593 - INFO - Running config.maze2d on maze2d-large-v1, iteration 41/50
2025-05-24 19:07:19,030 - DEBUG - Extracted score: -2.5100, reward: 0.0000
2025-05-24 19:07:19,030 - INFO - Running config.maze2d on maze2d-large-v1, iteration 42/50
2025-05-24 19:07:50,711 - DEBUG - Extracted score: -2.5100, reward: 0.0000
2025-05-24 19:07:50,711 - INFO - Running config.maze2d on maze2d-large-v1, iteration 43/50
2025-05-24 19:08:22,028 - DEBUG - Extracted score: 160.9900, reward: 437.0000
2025-05-24 19:08:22,029 - INFO - Running config.maze2d on maze2d-large-v1, iteration 44/50
2025-05-24 19:08:53,631 - DEBUG - Extracted score: -2.5100, reward: 0.0000
2025-05-24 19:08:53,631 - INFO - Running config.maze2d on maze2d-large-v1, iteration 45/50
2025-05-24 19:09:25,321 - DEBUG - Extracted score: -2.5100, reward: 0.0000
2025-05-24 19:09:25,321 - INFO - Running config.maze2d on maze2d-large-v1, iteration 46/50
2025-05-24 19:09:56,831 - DEBUG - Extracted score: 162.1100, reward: 440.0000
2025-05-24 19:09:56,832 - INFO - Running config.maze2d on maze2d-large-v1, iteration 47/50
2025-05-24 19:10:28,561 - DEBUG - Extracted score: 158.3700, reward: 430.0000
2025-05-24 19:10:28,562 - INFO - Running config.maze2d on maze2d-large-v1, iteration 48/50
2025-05-24 19:10:59,947 - DEBUG - Extracted score: -2.5100, reward: 0.0000
2025-05-24 19:10:59,947 - INFO - Running config.maze2d on maze2d-large-v1, iteration 49/50
2025-05-24 19:11:31,457 - DEBUG - Extracted score: -2.5100, reward: 0.0000
2025-05-24 19:11:31,457 - INFO - Running config.maze2d on maze2d-large-v1, iteration 50/50
2025-05-24 19:12:02,917 - DEBUG - Extracted score: -2.5100, reward: 0.0000
2025-05-24 19:12:02,918 - INFO - Finished processing config.maze2d on maze2d-large-v1: Mean Score=98.18, Median Score=157.24, Mean Reward=269.14, Median Reward=427.00
2025-05-24 19:12:02,920 - INFO - Total time taken: 2818.06 seconds
